// Jest Snapshot v1, https://goo.gl/fbAQLP

exports[`CompanyList stories renders Default story 1`] = `
<div>
  <div>
    <p
      class="title"
    >
      Trending companies
    </p>
    <ul
      class="list"
    >
      <li
        class="item"
      >
        <button
          aria-controls="item-panel-1"
          aria-expanded="false"
          class="header"
        >
          <span
            class="iconWrapper"
          >
            <img
              alt="OKEA logo"
              class="icon"
              data-nimg="1"
              decoding="async"
              height="40"
              loading="lazy"
              src="/_next/image?url=https%3A%2F%2Ffiles.quartr.com%2Fcompany-logos%2Fd0ba4-2022-12-14-09-26-56.png&w=96&q=75"
              srcset="/_next/image?url=https%3A%2F%2Ffiles.quartr.com%2Fcompany-logos%2Fd0ba4-2022-12-14-09-26-56.png&w=48&q=75 1x, /_next/image?url=https%3A%2F%2Ffiles.quartr.com%2Fcompany-logos%2Fd0ba4-2022-12-14-09-26-56.png&w=96&q=75 2x"
              style="color: transparent;"
              width="40"
            />
          </span>
          <span
            class="titleGroup"
          >
            <span
              class="companyName"
            >
              OKEA
            </span>
            <span
              class="description"
            >
              OKEA, an oil and gas company, engages in the development and production of oil and gas in the Norwegian continental shelf.
            </span>
          </span>
          <span
            aria-hidden="true"
            class="chevron"
          >
            ›
          </span>
        </button>
        <div
          class="panel"
          id="item-panel-1"
        >
          <dl
            class="details"
          >
            <div
              class="detailRow"
            >
              <dt>
                Ticker
              </dt>
              <dd>
                OKEA
              </dd>
            </div>
            <div
              class="detailRow"
            >
              <dt>
                Country
              </dt>
              <dd>
                NO
              </dd>
            </div>
            <div
              class="detailRow"
            >
              <dt>
                Currency
              </dt>
              <dd>
                NOK
              </dd>
            </div>
            <div
              class="detailRow"
            >
              <dt>
                Info
              </dt>
              <dd>
                <a
                  class="link"
                  href="https://www.okea.no/about/"
                  rel="noopener noreferrer"
                  target="_blank"
                >
                  https://www.okea.no/about/
                </a>
              </dd>
            </div>
            <div
              class="section"
            >
              <dt>
                Events
              </dt>
              <dd>
                <ul
                  class="events"
                >
                  <li
                    class="event"
                  >
                    <span
                      class="eventTitle"
                    >
                      Q3 2022
                    </span>
                    <span
                      class="eventMeta"
                    >
                      2022-10-26T08:00:00.000Z
                       · 
                      Q3
                       
                      2022
                    </span>
                    <a
                      class="link"
                      href="https://files.quartr.com/reports/9aae0-2022-12-14-09-52-59.pdf"
                      rel="noopener noreferrer"
                      target="_blank"
                    >
                      View Report
                    </a>
                  </li>
                </ul>
              </dd>
            </div>
          </dl>
        </div>
      </li>
      <li
        class="item"
      >
        <button
          aria-controls="item-panel-2"
          aria-expanded="false"
          class="header"
        >
          <span
            class="iconWrapper"
          >
            <span
              class="iconPlaceholder"
              style="background-color: rgb(217, 109, 35);"
            >
              M
            </span>
          </span>
          <span
            class="titleGroup"
          >
            <span
              class="companyName"
            >
              Måsøval 
            </span>
            <span
              class="description"
            >
              Måsøval AS is a Norwegian aquaculture company that focuses on the production and marketing of farmed salmon. The company was founded in 1973 and operates under the parent company Måsøval Eiendom AS.
            </span>
          </span>
          <span
            aria-hidden="true"
            class="chevron"
          >
            ›
          </span>
        </button>
        <div
          class="panel"
          id="item-panel-2"
        >
          <dl
            class="details"
          >
            <div
              class="detailRow"
            >
              <dt>
                Ticker
              </dt>
              <dd>
                MAS
              </dd>
            </div>
            <div
              class="detailRow"
            >
              <dt>
                Country
              </dt>
              <dd>
                NO
              </dd>
            </div>
            <div
              class="detailRow"
            >
              <dt>
                Currency
              </dt>
              <dd>
                NOK
              </dd>
            </div>
            <div
              class="detailRow"
            >
              <dt>
                Info
              </dt>
              <dd>
                <a
                  class="link"
                  href="https://www.masoval.no/"
                  rel="noopener noreferrer"
                  target="_blank"
                >
                  https://www.masoval.no/
                </a>
              </dd>
            </div>
            <div
              class="section"
            >
              <dt>
                Events
              </dt>
              <dd>
                <ul
                  class="events"
                >
                  <li
                    class="event"
                  >
                    <span
                      class="eventTitle"
                    >
                      Q3 2022
                    </span>
                    <span
                      class="eventMeta"
                    >
                      2022-11-15T09:00:00.000Z
                       · 
                      Q3
                       
                      2022
                    </span>
                    <a
                      class="link"
                      href="https://files.quartr.com/reports/f600c-2022-12-15-03-33-18.pdf"
                      rel="noopener noreferrer"
                      target="_blank"
                    >
                      View Report
                    </a>
                  </li>
                </ul>
              </dd>
            </div>
          </dl>
        </div>
      </li>
      <li
        class="item"
      >
        <button
          aria-controls="item-panel-3"
          aria-expanded="false"
          class="header"
        >
          <span
            class="iconWrapper"
          >
            <img
              alt="Magnora  logo"
              class="icon"
              data-nimg="1"
              decoding="async"
              height="40"
              loading="lazy"
              src="/_next/image?url=https%3A%2F%2Ffiles.quartr.com%2Fcompany-logos%2F3e88c-2022-12-14-09-32-50.png&w=96&q=75"
              srcset="/_next/image?url=https%3A%2F%2Ffiles.quartr.com%2Fcompany-logos%2F3e88c-2022-12-14-09-32-50.png&w=48&q=75 1x, /_next/image?url=https%3A%2F%2Ffiles.quartr.com%2Fcompany-logos%2F3e88c-2022-12-14-09-32-50.png&w=96&q=75 2x"
              style="color: transparent;"
              width="40"
            />
          </span>
          <span
            class="titleGroup"
          >
            <span
              class="companyName"
            >
              Magnora 
            </span>
            <span
              class="description"
            >
              Magnora ASA operates as a renewable energy development company. It primarily focuses on developing wind and solar PV projects. The company also hold license agreements with the Dana Western Isles and Shell Penguins FPSO. Magnora ASA was incorporated in 2001 and is based in Oslo, Norway.
            </span>
          </span>
          <span
            aria-hidden="true"
            class="chevron"
          >
            ›
          </span>
        </button>
        <div
          class="panel"
          id="item-panel-3"
        >
          <dl
            class="details"
          >
            <div
              class="detailRow"
            >
              <dt>
                Ticker
              </dt>
              <dd>
                MGN
              </dd>
            </div>
            <div
              class="detailRow"
            >
              <dt>
                Country
              </dt>
              <dd>
                NO
              </dd>
            </div>
            <div
              class="detailRow"
            >
              <dt>
                Currency
              </dt>
              <dd>
                NOK
              </dd>
            </div>
            <div
              class="detailRow"
            >
              <dt>
                Info
              </dt>
              <dd>
                <a
                  class="link"
                  href="https://magnoraasa.com/"
                  rel="noopener noreferrer"
                  target="_blank"
                >
                  https://magnoraasa.com/
                </a>
              </dd>
            </div>
            <div
              class="section"
            >
              <dt>
                Events
              </dt>
              <dd>
                <ul
                  class="events"
                >
                  <li
                    class="event"
                  >
                    <span
                      class="eventTitle"
                    >
                      Q3 2022
                    </span>
                    <span
                      class="eventMeta"
                    >
                      2022-11-07T09:00:00.000Z
                       · 
                      Q3
                       
                      2022
                    </span>
                    <a
                      class="link"
                      href="https://files.quartr.com/reports/ad167-2022-12-14-05-44-24.pdf"
                      rel="noopener noreferrer"
                      target="_blank"
                    >
                      View Report
                    </a>
                  </li>
                </ul>
              </dd>
            </div>
          </dl>
        </div>
      </li>
      <li
        class="item"
      >
        <button
          aria-controls="item-panel-4"
          aria-expanded="false"
          class="header"
        >
          <span
            class="iconWrapper"
          >
            <span
              class="iconPlaceholder"
              style="background-color: rgb(29, 181, 225);"
            >
              M
            </span>
          </span>
          <span
            class="titleGroup"
          >
            <span
              class="companyName"
            >
              M Vest Water 
            </span>
            <span
              class="description"
            >
              M Vest Water AS develops and sells wastewater treatment solutions. The company offers NorwaCo, an absorbent media used in demountable BOD reduction systems; NorwaFloc, a natural and biodegradable combined flocculant/coagulant; NorwaPol, a polishing reactor; and NorwaMix, a modular and mobile production and dosing unit. It serves upstream and downstream oil and gas, fishing and fish-farming, sludge dewatering, municipal, mining, pulp and paper industries. The company primarily operates in Norway; the Middle East; China, Japan; Malaysia. M Vest Water AS was incorporated in 2017.
            </span>
          </span>
          <span
            aria-hidden="true"
            class="chevron"
          >
            ›
          </span>
        </button>
        <div
          class="panel"
          id="item-panel-4"
        >
          <dl
            class="details"
          >
            <div
              class="detailRow"
            >
              <dt>
                Ticker
              </dt>
              <dd>
                MVW
              </dd>
            </div>
            <div
              class="detailRow"
            >
              <dt>
                Country
              </dt>
              <dd>
                NO
              </dd>
            </div>
            <div
              class="detailRow"
            >
              <dt>
                Currency
              </dt>
              <dd>
                NOK
              </dd>
            </div>
            <div
              class="detailRow"
            >
              <dt>
                Info
              </dt>
              <dd>
                <a
                  class="link"
                  href="https://mvestwater.com/"
                  rel="noopener noreferrer"
                  target="_blank"
                >
                  https://mvestwater.com/
                </a>
              </dd>
            </div>
            <div
              class="section"
            >
              <dt>
                Events
              </dt>
              <dd>
                <ul
                  class="events"
                >
                  <li
                    class="event"
                  >
                    <span
                      class="eventTitle"
                    >
                      Q3 2022
                    </span>
                    <span
                      class="eventMeta"
                    >
                      2022-11-14T09:00:00.000Z
                       · 
                      Q3
                       
                      2022
                    </span>
                    <a
                      class="link"
                      href="https://files.quartr.com/reports/67990-2022-12-14-04-45-34.pdf"
                      rel="noopener noreferrer"
                      target="_blank"
                    >
                      View Report
                    </a>
                  </li>
                </ul>
              </dd>
            </div>
          </dl>
        </div>
      </li>
      <li
        class="item"
      >
        <button
          aria-controls="item-panel-5"
          aria-expanded="false"
          class="header"
        >
          <span
            class="iconWrapper"
          >
            <img
              alt="Atria  logo"
              class="icon"
              data-nimg="1"
              decoding="async"
              height="40"
              loading="lazy"
              src="/_next/image?url=https%3A%2F%2Ffiles.quartr.com%2Fcompany-logos%2F7e4d2-2022-12-14-03-28-48.png&w=96&q=75"
              srcset="/_next/image?url=https%3A%2F%2Ffiles.quartr.com%2Fcompany-logos%2F7e4d2-2022-12-14-03-28-48.png&w=48&q=75 1x, /_next/image?url=https%3A%2F%2Ffiles.quartr.com%2Fcompany-logos%2F7e4d2-2022-12-14-03-28-48.png&w=96&q=75 2x"
              style="color: transparent;"
              width="40"
            />
          </span>
          <span
            class="titleGroup"
          >
            <span
              class="companyName"
            >
              Atria 
            </span>
            <span
              class="description"
            >
              Atria Oyj, together with its subsidiaries, produces and markets meat and food products. It offers fresh and processed poultry, beef and pork, prepared foods, fish products, sausages and deli-meats in Finland, Sweden, Denmark, Estonia and Russia. The company also provides retail delicatessen products to Altia group's supermarkets. Atria Oyj was founded in 1903 and is headquartered in Seinäjoki, Finland.


            </span>
          </span>
          <span
            aria-hidden="true"
            class="chevron"
          >
            ›
          </span>
        </button>
        <div
          class="panel"
          id="item-panel-5"
        >
          <dl
            class="details"
          >
            <div
              class="detailRow"
            >
              <dt>
                Ticker
              </dt>
              <dd>
                ATRAV
              </dd>
            </div>
            <div
              class="detailRow"
            >
              <dt>
                Country
              </dt>
              <dd>
                FI
              </dd>
            </div>
            <div
              class="detailRow"
            >
              <dt>
                Currency
              </dt>
              <dd>
                EUR
              </dd>
            </div>
            <div
              class="detailRow"
            >
              <dt>
                Info
              </dt>
              <dd>
                <a
                  class="link"
                  href="https://www.atria.fi/en/group/"
                  rel="noopener noreferrer"
                  target="_blank"
                >
                  https://www.atria.fi/en/group/
                </a>
              </dd>
            </div>
            <div
              class="section"
            >
              <dt>
                Events
              </dt>
              <dd>
                <ul
                  class="events"
                >
                  <li
                    class="event"
                  >
                    <span
                      class="eventTitle"
                    >
                      Q3 2022
                    </span>
                    <span
                      class="eventMeta"
                    >
                      2022-10-26T06:00:00.000Z
                       · 
                      Q3
                       
                      2022
                    </span>
                    <a
                      class="link"
                      href="https://files.quartr.com/reports/557f2-2022-12-14-03-48-55.pdf"
                      rel="noopener noreferrer"
                      target="_blank"
                    >
                      View Report
                    </a>
                  </li>
                </ul>
              </dd>
            </div>
          </dl>
        </div>
      </li>
    </ul>
  </div>
</div>
`;

exports[`CompanyList stories renders Empty story 1`] = `
<div>
  <div>
    <p
      class="title"
    >
      Trending companies
    </p>
    <div
      class="wrapper"
    >
      <p
        class="message"
      >
        No results found
      </p>
    </div>
  </div>
</div>
`;
